point: x: 403 y: 316
current: 24
point: x: 188 y: 317
current: 1
point: x: 402 y: 317
current: 24
point: x: 188 y: 318
current: 1
point: x: 401 y: 318
current: 24
point: x: 188 y: 319
current: 1
point: x: 400 y: 319
current: 24
point: x: 188 y: 320
current: 1
point: x: 399 y: 320
current: 24
point: x: 188 y: 321
current: 1
point: x: 398 y: 321
current: 24
point: x: 188 y: 322
current: 1
point: x: 397 y: 322
current: 24
point: x: 188 y: 323
current: 1
point: x: 396 y: 323
current: 24
point: x: 188 y: 324
current: 1
point: x: 395 y: 324
current: 24
point: x: 188 y: 325
current: 1
point: x: 394 y: 325
current: 24
point: x: 188 y: 326
current: 1
point: x: 393 y: 326
current: 24
point: x: 188 y: 327
current: 1
point: x: 392 y: 327
current: 24
point: x: 188 y: 328
current: 1
point: x: 390 y: 328
current: 24
point: x: 188 y: 329
current: 1
point: x: 389 y: 329
current: 24
point: x: 188 y: 330
current: 1
point: x: 388 y: 330
current: 24
point: x: 188 y: 331
current: 1
point: x: 387 y: 331
current: 24
point: x: 188 y: 332
current: 1
point: x: 386 y: 332
current: 24
point: x: 188 y: 333
current: 1
point: x: 385 y: 333
current: 24
point: x: 188 y: 334
current: 1
point: x: 384 y: 334
current: 24
point: x: 188 y: 335
current: 1
point: x: 383 y: 335
current: 24
point: x: 188 y: 336
current: 1
point: x: 382 y: 336
current: 24
point: x: 188 y: 337
current: 1
point: x: 381 y: 337
current: 24
point: x: 188 y: 338
current: 1
point: x: 380 y: 338
current: 24
point: x: 188 y: 339
current: 1
point: x: 379 y: 339
current: 24
point: x: 188 y: 340
current: 1
point: x: 378 y: 340
current: 24
point: x: 188 y: 341
current: 1
point: x: 377 y: 341
current: 24
point: x: 188 y: 342
current: 1
point: x: 376 y: 342
current: 24
point: x: 188 y: 343
current: 1
point: x: 375 y: 343
current: 24
point: x: 188 y: 344
current: 1
point: x: 374 y: 344
current: 24
point: x: 188 y: 345
current: 1
point: x: 373 y: 345
current: 24
point: x: 188 y: 346
current: 1
point: x: 372 y: 346
current: 24
point: x: 188 y: 347
current: 1
point: x: 371 y: 347
current: 24
point: x: 188 y: 348
current: 1
point: x: 370 y: 348
current: 24
point: x: 188 y: 349
current: 1
point: x: 369 y: 349
current: 24
point: x: 188 y: 350
current: 1
point: x: 368 y: 350
current: 24
point: x: 188 y: 351
current: 1
point: x: 367 y: 351
current: 24
point: x: 366 y: 352
current: 24
point: x: 365 y: 353
current: 24
point: x: 364 y: 354
current: 24
point: x: 363 y: 355
current: 24
point: x: 362 y: 356
current: 24
point: x: 361 y: 357
current: 24
point: x: 360 y: 358
current: 24
point: x: 358 y: 359
current: 24
point: x: 357 y: 360
current: 24
point: x: 356 y: 361
current: 24
point: x: 355 y: 362
current: 24
point: x: 354 y: 363
current: 24
point: x: 353 y: 364
current: 24
point: x: 352 y: 365
current: 24
point: x: 351 y: 366
current: 24
point: x: 350 y: 367
current: 24
point: x: 349 y: 368
current: 24
point: x: 348 y: 369
current: 24
point: x: 347 y: 370
current: 24
point: x: 346 y: 371
current: 24
point: x: 345 y: 372
current: 24
point: x: 344 y: 373
current: 24